// Jest Snapshot v1, https://goo.gl/fbAQLP

exports[`ForgotPassword Test Dom Elements match snapshot 1`] = `
<div
  className=""
>
  <div
    className="mt-10 mx-10"
  >
    <div
      className="mt-4 mb-6 lg:mb-10"
    >
      <img
        alt="logo_vwanu"
        className="w-2/5 lg:w-1/5 m-auto"
        src="Asset_2.png"
      />
    </div>
    <div
      className="justify-center m-auto md:px-16 lg:px-0 md:w-2/3 lg:w-1/3"
    >
      <div
        className="px-5 lg:px-10 pt-5 pb-10 card shadow-lg rounded-3xl my-10"
        role="form"
      >
        <h1
          className="card-title text-secondary text-md text-center"
        >
          Forgot your password?
        </h1>
        <p
          className="text-sky-600"
        >
          Enter your email and we'll send you a link to reset your password.
        </p>
        <div
          className="form-control"
        >
          <label
            className="label"
          >
            <span
              className="label-text"
            />
          </label>
          <input
            autoCapitalize="none"
            autoComplete="new-email"
            className="input mt-1 lg:mt-2 bg-blue-200 text-secondary placeholder:text-secondary font-semibold rounded-full input-secondary border-none invalid:text-error autofill:text-secondary autofill:bg-blue-200"
            onBlur={[Function]}
            onChange={[Function]}
            placeholder="Email"
            required={true}
            type="email"
            value=""
          />
        </div>
        <button
          className="btn btn-primary mt-4 normal-case text-base-100 hover:bg-secondary rounded-full text-md"
          data-testid="forgotPasswordBtn"
          onClick={[Function]}
          type="submit"
        >
          Reset Password
        </button>
        <div
          className="divider"
        >
          OR
        </div>
        <a
          className="text-primary font-bold mb-10 text-center"
          href="/register"
          onClick={[Function]}
        >
          Create New Account
        </a>
        <a
          className="text-primary font-bold mt-10 text-center"
          href="/login"
          onClick={[Function]}
        >
          Back to Login
        </a>
      </div>
    </div>
  </div>
</div>
`;
